=========================================================================================================
Auto created by Tang Dynasty v5.6.59063
Copyright (c) 2012-2022 Anlogic
Thu May  9 16:45:37 2024
=========================================================================================================


Top Model:                PLL                                                             
Device:                   eagle_s20                                                       
Timing Constraint File:                                                                   
STA Level:                Detail                                                          
Speed Grade:              NA                                                              

=========================================================================================================
Timing constraint:        clock: DeriveClock                                              
Clock = DeriveClock, period 20ns, rising at 0ns, falling at 10ns

0 endpoints analyzed totally, and 0 paths analyzed
0 errors detected : 0 setup errors (TNS = 0), 0 hold errors (TNS = 0)
Minimum period is 0ns
---------------------------------------------------------------------------------------------------------


=========================================================================================================
Timing summary:                                                                           
---------------------------------------------------------------------------------------------------------
Constraint path number: 0 (STA coverage = 0.00%)
Timing violations: 0 setup errors, and 0 hold errors.
Minimal setup slack: infinity, minimal hold slack: infinity

Timing group statistics: 
	Clock constraints: 
	  No constraint path
	Minimum input arrival time before clock: no constraint path
	Maximum output required time after clock: no constraint path
	Maximum combinational path delay: no constraint path

---------------------------------------------------------------------------------------------------------
